// Jest Snapshot v1, https://goo.gl/fbAQLP

exports[`should fetch data 1`] = `
<div>
  <div>
    <button>
      add it
    </button>
    <div>
      0
    </div>
  </div>
</div>
`;
