// Jest Snapshot v1, https://goo.gl/fbAQLP

exports[`should have correct value 1`] = `
<div>
  <div>
    <input
      data-testid="HW10Input"
      name="usd"
      value="3"
    />
  </div>
</div>
`;
