// Jest Snapshot v1, https://goo.gl/fbAQLP

exports[`should plus correctly 1`] = `
<div>
  <div>
    <button>
      1
    </button>
    <button>
      2
    </button>
    <button>
      3
    </button>
    <button>
      4
    </button>
    <button>
      5
    </button>
    <button>
      6
    </button>
    <button>
      7
    </button>
    <button>
      8
    </button>
    <button>
      9
    </button>
  </div>
  <div
    data-testid="sum"
  >
    13
  </div>
</div>
`;
